#
# There is insufficient memory for the Java Runtime Environment to continue.
# Native memory allocation (malloc) failed to allocate 1048576 bytes. Error detail: AllocateHeap
# Possible reasons:
#   The system is out of physical RAM or swap space
#   This process is running with CompressedOops enabled, and the Java Heap may be blocking the growth of the native heap
# Possible solutions:
#   Reduce memory load on the system
#   Increase physical memory or swap space
#   Check if swap backing store is full
#   Decrease Java heap size (-Xmx/-Xms)
#   Decrease number of Java threads
#   Decrease Java thread stack sizes (-Xss)
#   Set larger code cache with -XX:ReservedCodeCacheSize=
#   JVM is running with Unscaled Compressed Oops mode in which the Java heap is
#     placed in the first 4GB address space. The Java Heap base address is the
#     maximum limit for the native heap growth. Please use -XX:HeapBaseMinAddress
#     to set the Java Heap base and to place the Java Heap above 4GB virtual address.
# This output file may be truncated or incomplete.
#
#  Out of Memory Error (allocation.cpp:44), pid=20732, tid=18452
#
# JRE version: OpenJDK Runtime Environment Temurin-21.0.10+7 (21.0.10+7) (build 21.0.10+7-LTS)
# Java VM: OpenJDK 64-Bit Server VM Temurin-21.0.10+7 (21.0.10+7-LTS, mixed mode, sharing, tiered, compressed oops, compressed class ptrs, parallel gc, windows-amd64)
# No core dump will be written. Minidumps are not enabled by default on client versions of Windows
#

---------------  S U M M A R Y ------------

Command Line: --add-modules=ALL-SYSTEM --add-opens=java.base/java.util=ALL-UNNAMED --add-opens=java.base/java.lang=ALL-UNNAMED --add-opens=java.base/sun.nio.fs=ALL-UNNAMED -Declipse.application=org.eclipse.jdt.ls.core.id1 -Dosgi.bundles.defaultStartLevel=4 -Declipse.product=org.eclipse.jdt.ls.core.product -Djava.import.generatesMetadataFilesAtProjectRoot=false -DDetectVMInstallationsJob.disabled=true -Dfile.encoding=utf8 -XX:+UseParallelGC -XX:GCTimeRatio=4 -XX:AdaptiveSizePolicyWeight=90 -Dsun.zip.disableMemoryMapping=true -Xmx2G -Xms100m -Xlog:disable -javaagent:c:\Users\KAKASHI\.vscode\extensions\redhat.java-1.54.0-win32-x64\lombok\lombok-1.18.39-4050.jar -XX:+HeapDumpOnOutOfMemoryError -XX:HeapDumpPath=c:\Users\KAKASHI\AppData\Roaming\Code\User\workspaceStorage\05e2f3723b3b7939285116afcabace87\redhat.java -Daether.dependencyCollector.impl=bf c:\Users\KAKASHI\.vscode\extensions\redhat.java-1.54.0-win32-x64\server\plugins\org.eclipse.equinox.launcher_1.7.100.v20251111-0406.jar -configuration c:\Users\KAKASHI\AppData\Roaming\Code\User\globalStorage\redhat.java\1.54.0\config_win -data c:\Users\KAKASHI\AppData\Roaming\Code\User\workspaceStorage\05e2f3723b3b7939285116afcabace87\redhat.java\jdt_ws --pipe=\\.\pipe\lsp-59ac56d921617b642bc58ec37a0d65bc-sock

Host: Intel(R) Core(TM) i7-6600U CPU @ 2.60GHz, 4 cores, 15G,  Windows 10 , 64 bit Build 19041 (10.0.19041.5915)
Time: Sun Jun 21 23:18:01 2026 elapsed time: 8543.761742 seconds (0d 2h 22m 23s)

---------------  T H R E A D  ---------------

Current thread (0x0000022e5131ebd0):  JavaThread "Attach Listener" daemon [_thread_in_vm, id=18452, stack(0x0000009a23900000,0x0000009a23a00000) (1024K)]

Stack: [0x0000009a23900000,0x0000009a23a00000]
Native frames: (J=compiled Java code, j=interpreted, Vv=VM code, C=native code)
V  [jvm.dll+0x6d7a39]
V  [jvm.dll+0x8b4b26]
V  [jvm.dll+0x8b70de]
V  [jvm.dll+0x8b77c3]
V  [jvm.dll+0x284346]
V  [jvm.dll+0xc1277]
V  [jvm.dll+0x6d82e9]
V  [jvm.dll+0x1334a6]
V  [jvm.dll+0x3f857e]
V  [jvm.dll+0x85f59d]
V  [jvm.dll+0x6d626d]
C  [ucrtbase.dll+0x21bb2]
C  [KERNEL32.DLL+0x17374]
C  [ntdll.dll+0x4cc91]


---------------  P R O C E S S  ---------------

Threads class SMR info:
_java_thread_list=0x0000022ea5efdaf0, length=46, elements={
0x0000022e3a937840, 0x0000022e51319460, 0x0000022e5131a910, 0x0000022e5131df70,
0x0000022e5131ebd0, 0x0000022e5131f830, 0x0000022e51320390, 0x0000022e513236b0,
0x0000022e5139b660, 0x0000022e970bc930, 0x0000022e972a3ff0, 0x0000022e97a6bf30,
0x0000022e513538f0, 0x0000022e977a8ff0, 0x0000022e977a9660, 0x0000022e981df020,
0x0000022e974b7280, 0x0000022e974787c0, 0x0000022e97478e50, 0x0000022e99f22f90,
0x0000022e99f25060, 0x0000022e99f23cb0, 0x0000022e99f277c0, 0x0000022e99f21be0,
0x0000022e99f26410, 0x0000022e99f22900, 0x0000022e99f26aa0, 0x0000022e99f256f0,
0x0000022e99f22270, 0x0000022e9b5a7410, 0x0000022e99dc0450, 0x0000022e99dc0ae0,
0x0000022e99dbb590, 0x0000022e99dbea10, 0x0000022e99dbbc20, 0x0000022e99db9b50,
0x0000022e99dbe380, 0x0000022e98c587f0, 0x0000022e98c59510, 0x0000022e98c5a230,
0x0000022e98c5a8c0, 0x0000022e99dbc2b0, 0x0000022e99dbcfd0, 0x0000022e99dc1170,
0x0000022e99dbf0a0, 0x0000022e9747a200
}

Java Threads: ( => current thread )
  0x0000022e3a937840 JavaThread "main"                              [_thread_blocked, id=13328, stack(0x0000009a23200000,0x0000009a23300000) (1024K)]
  0x0000022e51319460 JavaThread "Reference Handler"          daemon [_thread_blocked, id=22848, stack(0x0000009a23600000,0x0000009a23700000) (1024K)]
  0x0000022e5131a910 JavaThread "Finalizer"                  daemon [_thread_blocked, id=21520, stack(0x0000009a23700000,0x0000009a23800000) (1024K)]
  0x0000022e5131df70 JavaThread "Signal Dispatcher"          daemon [_thread_blocked, id=18048, stack(0x0000009a23800000,0x0000009a23900000) (1024K)]
=>0x0000022e5131ebd0 JavaThread "Attach Listener"            daemon [_thread_in_vm, id=18452, stack(0x0000009a23900000,0x0000009a23a00000) (1024K)]
  0x0000022e5131f830 JavaThread "Service Thread"             daemon [_thread_blocked, id=17280, stack(0x0000009a23a00000,0x0000009a23b00000) (1024K)]
  0x0000022e51320390 JavaThread "Monitor Deflation Thread"   daemon [_thread_blocked, id=22396, stack(0x0000009a23b00000,0x0000009a23c00000) (1024K)]
  0x0000022e513236b0 JavaThread "C2 CompilerThread0"         daemon [_thread_blocked, id=14160, stack(0x0000009a23c00000,0x0000009a23d00000) (1024K)]
  0x0000022e5139b660 JavaThread "C1 CompilerThread0"         daemon [_thread_blocked, id=4332, stack(0x0000009a23d00000,0x0000009a23e00000) (1024K)]
  0x0000022e970bc930 JavaThread "Common-Cleaner"             daemon [_thread_blocked, id=21396, stack(0x0000009a23e00000,0x0000009a23f00000) (1024K)]
  0x0000022e972a3ff0 JavaThread "Notification Thread"        daemon [_thread_blocked, id=8824, stack(0x0000009a23f00000,0x0000009a24000000) (1024K)]
  0x0000022e97a6bf30 JavaThread "Active Thread: Equinox Container: 088add03-3c4a-4eb9-8c14-f87a65be6f7f"        [_thread_blocked, id=12024, stack(0x0000009a24400000,0x0000009a24500000) (1024K)]
  0x0000022e513538f0 JavaThread "Refresh Thread: Equinox Container: 088add03-3c4a-4eb9-8c14-f87a65be6f7f" daemon [_thread_blocked, id=20972, stack(0x0000009a24000000,0x0000009a24100000) (1024K)]
  0x0000022e977a8ff0 JavaThread "Framework Event Dispatcher: Equinox Container: 088add03-3c4a-4eb9-8c14-f87a65be6f7f" daemon [_thread_blocked, id=9856, stack(0x0000009a24500000,0x0000009a24600000) (1024K)]
  0x0000022e977a9660 JavaThread "Start Level: Equinox Container: 088add03-3c4a-4eb9-8c14-f87a65be6f7f" daemon [_thread_blocked, id=21720, stack(0x0000009a24600000,0x0000009a24700000) (1024K)]
  0x0000022e981df020 JavaThread "Bundle File Closer"         daemon [_thread_blocked, id=23236, stack(0x0000009a24700000,0x0000009a24800000) (1024K)]
  0x0000022e974b7280 JavaThread "SCR Component Actor"        daemon [_thread_blocked, id=20484, stack(0x0000009a23000000,0x0000009a23100000) (1024K)]
  0x0000022e974787c0 JavaThread "Worker-JM"                         [_thread_blocked, id=20624, stack(0x0000009a24800000,0x0000009a24900000) (1024K)]
  0x0000022e97478e50 JavaThread "JNA Cleaner"                daemon [_thread_blocked, id=18584, stack(0x0000009a24a00000,0x0000009a24b00000) (1024K)]
  0x0000022e99f22f90 JavaThread "Java indexing"              daemon [_thread_blocked, id=23204, stack(0x0000009a25100000,0x0000009a25200000) (1024K)]
  0x0000022e99f25060 JavaThread "Thread-1"                   daemon [_thread_in_native, id=23444, stack(0x0000009a25600000,0x0000009a25700000) (1024K)]
  0x0000022e99f23cb0 JavaThread "Thread-2"                   daemon [_thread_in_native, id=24316, stack(0x0000009a25700000,0x0000009a25800000) (1024K)]
  0x0000022e99f277c0 JavaThread "Thread-3"                   daemon [_thread_in_native, id=22928, stack(0x0000009a25800000,0x0000009a25900000) (1024K)]
  0x0000022e99f21be0 JavaThread "Thread-4"                   daemon [_thread_in_native, id=7288, stack(0x0000009a25900000,0x0000009a25a00000) (1024K)]
  0x0000022e99f26410 JavaThread "Thread-5"                   daemon [_thread_in_native, id=11280, stack(0x0000009a25a00000,0x0000009a25b00000) (1024K)]
  0x0000022e99f22900 JavaThread "Worker-7"                          [_thread_blocked, id=20824, stack(0x0000009a25b00000,0x0000009a25c00000) (1024K)]
  0x0000022e99f26aa0 JavaThread "pool-2-thread-1"                   [_thread_blocked, id=6832, stack(0x0000009a25c00000,0x0000009a25d00000) (1024K)]
  0x0000022e99f256f0 JavaThread "WorkspaceEventsHandler"            [_thread_blocked, id=24252, stack(0x0000009a25d00000,0x0000009a25e00000) (1024K)]
  0x0000022e99f22270 JavaThread "pool-1-thread-1"                   [_thread_blocked, id=16928, stack(0x0000009a25e00000,0x0000009a25f00000) (1024K)]
  0x0000022e9b5a7410 JavaThread "Timer-0"                           [_thread_blocked, id=19664, stack(0x0000009a26b00000,0x0000009a26c00000) (1024K)]
  0x0000022e99dc0450 JavaThread "Timer-1"                           [_thread_blocked, id=23332, stack(0x0000009a23100000,0x0000009a23200000) (1024K)]
  0x0000022e99dc0ae0 JavaThread "Timer-2"                           [_thread_blocked, id=712, stack(0x0000009a24900000,0x0000009a24a00000) (1024K)]
  0x0000022e99dbb590 JavaThread "Timer-3"                           [_thread_blocked, id=15744, stack(0x0000009a24c00000,0x0000009a24d00000) (1024K)]
  0x0000022e99dbea10 JavaThread "Timer-4"                           [_thread_blocked, id=21428, stack(0x0000009a24d00000,0x0000009a24e00000) (1024K)]
  0x0000022e99dbbc20 JavaThread "Timer-5"                           [_thread_blocked, id=13616, stack(0x0000009a25000000,0x0000009a25100000) (1024K)]
  0x0000022e99db9b50 JavaThread "Timer-6"                           [_thread_blocked, id=11724, stack(0x0000009a25200000,0x0000009a25300000) (1024K)]
  0x0000022e99dbe380 JavaThread "Timer-7"                           [_thread_blocked, id=17536, stack(0x0000009a25300000,0x0000009a25400000) (1024K)]
  0x0000022e98c587f0 JavaThread "Timer-8"                           [_thread_blocked, id=22084, stack(0x0000009a25400000,0x0000009a25500000) (1024K)]
  0x0000022e98c59510 JavaThread "Timer-9"                           [_thread_blocked, id=10048, stack(0x0000009a24b00000,0x0000009a24c00000) (1024K)]
  0x0000022e98c5a230 JavaThread "Timer-10"                          [_thread_blocked, id=17588, stack(0x0000009a24e00000,0x0000009a24f00000) (1024K)]
  0x0000022e98c5a8c0 JavaThread "Timer-11"                          [_thread_blocked, id=12924, stack(0x0000009a25500000,0x0000009a25600000) (1024K)]
  0x0000022e99dbc2b0 JavaThread "Timer-12"                          [_thread_blocked, id=10476, stack(0x0000009a25f00000,0x0000009a26000000) (1024K)]
  0x0000022e99dbcfd0 JavaThread "Timer-13"                          [_thread_blocked, id=3860, stack(0x0000009a26000000,0x0000009a26100000) (1024K)]
  0x0000022e99dc1170 JavaThread "Timer-14"                          [_thread_blocked, id=6540, stack(0x0000009a26400000,0x0000009a26500000) (1024K)]
  0x0000022e99dbf0a0 JavaThread "Timer-15"                          [_thread_blocked, id=24552, stack(0x0000009a26100000,0x0000009a26200000) (1024K)]
  0x0000022e9747a200 JavaThread "Worker-10"                         [_thread_blocked, id=10304, stack(0x0000009a24f00000,0x0000009a25000000) (1024K)]
Total: 46

Other Threads:
  0x0000022e5130e890 VMThread "VM Thread"                           [id=23772, stack(0x0000009a23500000,0x0000009a23600000) (1024K)]
  0x0000022e3a9a2660 WatcherThread "VM Periodic Task Thread"        [id=22476, stack(0x0000009a23400000,0x0000009a23500000) (1024K)]
  0x0000022e3a9548f0 WorkerThread "GC Thread#0"                     [id=21904, stack(0x0000009a23300000,0x0000009a23400000) (1024K)]
  0x0000022e97897030 WorkerThread "GC Thread#1"                     [id=19532, stack(0x0000009a24100000,0x0000009a24200000) (1024K)]
  0x0000022e978973e0 WorkerThread "GC Thread#2"                     [id=4780, stack(0x0000009a24200000,0x0000009a24300000) (1024K)]
  0x0000022e9789a970 WorkerThread "GC Thread#3"                     [id=9052, stack(0x0000009a24300000,0x0000009a24400000) (1024K)]
Total: 6

Threads with active compile tasks:
Total: 0

VM state: not at safepoint (normal execution)

VM Mutex/Monitor currently owned by a thread: None

Heap address: 0x0000000080000000, size: 2048 MB, Compressed Oops mode: 32-bit

CDS archive(s) mapped at: [0x0000022e52000000-0x0000022e52ba0000-0x0000022e52ba0000), size 12189696, SharedBaseAddress: 0x0000022e52000000, ArchiveRelocationMode: 1.
Compressed class space mapped at: 0x0000022e53000000-0x0000022e93000000, reserved size: 1073741824
Narrow klass base: 0x0000022e52000000, Narrow klass shift: 0, Narrow klass range: 0x100000000

GC Precious Log:
 CardTable entry size: 512
 CPUs: 4 total, 4 available
 Memory: 16264M
 Large Page Support: Disabled
 NUMA Support: Disabled
 Compressed Oops: Enabled (32-bit)
 Alignments: Space 512K, Generation 512K, Heap 2M
 Heap Min Capacity: 100M
 Heap Initial Capacity: 100M
 Heap Max Capacity: 2G
 Pre-touch: Disabled
 Parallel Workers: 4

Heap:
 PSYoungGen      total 2048K, used 1598K [0x00000000d5580000, 0x00000000d5880000, 0x0000000100000000)
  eden space 1536K, 95% used [0x00000000d5580000,0x00000000d56ef898,0x00000000d5700000)
  from space 512K, 25% used [0x00000000d5800000,0x00000000d5820000,0x00000000d5880000)
  to   space 512K, 0% used [0x00000000d5700000,0x00000000d5700000,0x00000000d5780000)
 ParOldGen       total 506880K, used 88308K [0x0000000080000000, 0x000000009ef00000, 0x00000000d5580000)
  object space 506880K, 17% used [0x0000000080000000,0x000000008563d000,0x000000009ef00000)
 Metaspace       used 94509K, committed 97280K, reserved 1179648K
  class space    used 11331K, committed 12480K, reserved 1048576K

Card table byte_map: [0x0000022e3a310000,0x0000022e3a720000] _byte_map_base: 0x0000022e39f10000

Marking Bits: (ParMarkBitMap*) 0x00007ffb56f13450
 Begin Bits: [0x0000022e4cdf0000, 0x0000022e4edf0000)
 End Bits:   [0x0000022e4edf0000, 0x0000022e50df0000)

Polling page: 0x0000022e3a100000

Metaspace:

Usage:
  Non-class:     81.23 MB used.
      Class:     11.07 MB used.
       Both:     92.29 MB used.

Virtual space:
  Non-class space:      128.00 MB reserved,      82.81 MB ( 65%) committed,  2 nodes.
      Class space:        1.00 GB reserved,      12.19 MB (  1%) committed,  1 nodes.
             Both:        1.12 GB reserved,      95.00 MB (  8%) committed. 

Chunk freelists:
   Non-Class:  13.73 MB
       Class:  4.31 MB
        Both:  18.04 MB

MaxMetaspaceSize: unlimited
CompressedClassSpaceSize: 1.00 GB
Initial GC threshold: 21.00 MB
Current GC threshold: 158.38 MB
CDS: on
 - commit_granule_bytes: 65536.
 - commit_granule_words: 8192.
 - virtual_space_node_default_size: 8388608.
 - enlarge_chunks_in_place: 1.
 - use_allocation_guard: 0.


Internal statistics:

num_allocs_failed_limit: 9.
num_arena_births: 1910.
num_arena_deaths: 898.
num_vsnodes_births: 3.
num_vsnodes_deaths: 0.
num_space_committed: 1521.
num_space_uncommitted: 1.
num_chunks_returned_to_freelist: 1112.
num_chunks_taken_from_freelist: 6207.
num_chunk_merges: 363.
num_chunk_splits: 3911.
num_chunks_enlarged: 2414.
num_inconsistent_stats: 0.

CodeHeap 'non-profiled nmethods': size=120000Kb used=14213Kb max_used=15032Kb free=105787Kb
 bounds [0x0000022e45610000, 0x0000022e464c0000, 0x0000022e4cb40000]
CodeHeap 'profiled nmethods': size=120000Kb used=34161Kb max_used=35545Kb free=85838Kb
 bounds [0x0000022e3db40000, 0x0000022e3fe10000, 0x0000022e45070000]
CodeHeap 'non-nmethods': size=5760Kb used=1490Kb max_used=1602Kb free=4269Kb
 bounds [0x0000022e45070000, 0x0000022e452e0000, 0x0000022e45610000]
CodeCache: size=245760Kb, used=49864Kb, max_used=52179Kb, free=195894Kb
 total_blobs=15258, nmethods=14446, adapters=716, full_count=0
Compilation: enabled, stopped_count=0, restarted_count=0

Compilation events (20 events):
Event: 7964.748 Thread 0x0000022e5139b660 16171       3       org.eclipse.core.internal.dtree.DataTreeNode::forwardDeltaWith (466 bytes)
Event: 7964.751 Thread 0x0000022e513236b0 16174       4       jdk.internal.util.ByteArray::setLong (10 bytes)
Event: 7964.752 Thread 0x0000022e5139b660 nmethod 16171 0x0000022e3e49b190 code [0x0000022e3e49b500, 0x0000022e3e49dcc8]
Event: 7964.752 Thread 0x0000022e5139b660 16173       3       org.eclipse.core.internal.resources.SaveManager::writeElement (36 bytes)
Event: 7964.753 Thread 0x0000022e5139b660 nmethod 16173 0x0000022e3dd9af90 code [0x0000022e3dd9b220, 0x0000022e3dd9bd18]
Event: 7964.753 Thread 0x0000022e5139b660 16170       3       org.eclipse.core.internal.dtree.DataTreeNode::forwardDeltaWithOrNullIfEqual (69 bytes)
Event: 7964.754 Thread 0x0000022e5139b660 nmethod 16170 0x0000022e3df07b10 code [0x0000022e3df07d40, 0x0000022e3df08498]
Event: 7964.754 Thread 0x0000022e5139b660 16172       1       org.eclipse.core.internal.dtree.AbstractDataTreeNode::isEmptyDelta (2 bytes)
Event: 7964.754 Thread 0x0000022e5139b660 nmethod 16172 0x0000022e459b1d10 code [0x0000022e459b1ea0, 0x0000022e459b1f68]
Event: 7964.755 Thread 0x0000022e513236b0 nmethod 16174 0x0000022e45680210 code [0x0000022e456803a0, 0x0000022e45680480]
Event: 7964.755 Thread 0x0000022e513236b0 16175       4       java.io.DataOutputStream::writeLong (30 bytes)
Event: 7964.760 Thread 0x0000022e513236b0 nmethod 16175 0x0000022e45841a90 code [0x0000022e45841c20, 0x0000022e45841d78]
Event: 7964.795 Thread 0x0000022e5139b660 16176       1       java.io.DataOutputStream::size (5 bytes)
Event: 7964.795 Thread 0x0000022e5139b660 nmethod 16176 0x0000022e4567ff10 code [0x0000022e456800a0, 0x0000022e45680168]
Event: 7964.841 Thread 0x0000022e5139b660 16177       1       java.text.DontCareFieldPosition::getFieldDelegate (5 bytes)
Event: 7964.841 Thread 0x0000022e5139b660 nmethod 16177 0x0000022e459b1990 code [0x0000022e459b1b20, 0x0000022e459b1be8]
Event: 8002.794 Thread 0x0000022e513236b0 16178       4       java.util.concurrent.locks.AbstractQueuedSynchronizer$Node::clearStatus (12 bytes)
Event: 8002.795 Thread 0x0000022e513236b0 nmethod 16178 0x0000022e45863190 code [0x0000022e45863320, 0x0000022e458633b0]
Event: 8471.574 Thread 0x0000022e5139b660 16179       1       org.eclipse.core.runtime.jobs.Job::shouldRun (2 bytes)
Event: 8471.574 Thread 0x0000022e5139b660 nmethod 16179 0x0000022e45862d90 code [0x0000022e45862f20, 0x0000022e45862fe8]

GC Heap History (20 events):
Event: 7685.255 GC heap before
{Heap before GC invocations=2401 (full 4):
 PSYoungGen      total 2048K, used 1664K [0x00000000d5580000, 0x00000000d5880000, 0x0000000100000000)
  eden space 1536K, 100% used [0x00000000d5580000,0x00000000d5700000,0x00000000d5700000)
  from space 512K, 25% used [0x00000000d5800000,0x00000000d5820000,0x00000000d5880000)
  to   space 512K, 0% used [0x00000000d5700000,0x00000000d5700000,0x00000000d5780000)
 ParOldGen       total 506880K, used 88028K [0x0000000080000000, 0x000000009ef00000, 0x00000000d5580000)
  object space 506880K, 17% used [0x0000000080000000,0x00000000855f7000,0x000000009ef00000)
 Metaspace       used 94333K, committed 97280K, reserved 1179648K
  class space    used 11326K, committed 12480K, reserved 1048576K
}
Event: 7685.258 GC heap after
{Heap after GC invocations=2401 (full 4):
 PSYoungGen      total 2048K, used 96K [0x00000000d5580000, 0x00000000d5880000, 0x0000000100000000)
  eden space 1536K, 0% used [0x00000000d5580000,0x00000000d5580000,0x00000000d5700000)
  from space 512K, 18% used [0x00000000d5700000,0x00000000d5718000,0x00000000d5780000)
  to   space 512K, 0% used [0x00000000d5800000,0x00000000d5800000,0x00000000d5880000)
 ParOldGen       total 506880K, used 88052K [0x0000000080000000, 0x000000009ef00000, 0x00000000d5580000)
  object space 506880K, 17% used [0x0000000080000000,0x00000000855fd000,0x000000009ef00000)
 Metaspace       used 94333K, committed 97280K, reserved 1179648K
  class space    used 11326K, committed 12480K, reserved 1048576K
}
Event: 7685.452 GC heap before
{Heap before GC invocations=2402 (full 4):
 PSYoungGen      total 2048K, used 1632K [0x00000000d5580000, 0x00000000d5880000, 0x0000000100000000)
  eden space 1536K, 100% used [0x00000000d5580000,0x00000000d5700000,0x00000000d5700000)
  from space 512K, 18% used [0x00000000d5700000,0x00000000d5718000,0x00000000d5780000)
  to   space 512K, 0% used [0x00000000d5800000,0x00000000d5800000,0x00000000d5880000)
 ParOldGen       total 506880K, used 88052K [0x0000000080000000, 0x000000009ef00000, 0x00000000d5580000)
  object space 506880K, 17% used [0x0000000080000000,0x00000000855fd000,0x000000009ef00000)
 Metaspace       used 94333K, committed 97280K, reserved 1179648K
  class space    used 11326K, committed 12480K, reserved 1048576K
}
Event: 7685.453 GC heap after
{Heap after GC invocations=2402 (full 4):
 PSYoungGen      total 2048K, used 128K [0x00000000d5580000, 0x00000000d5880000, 0x0000000100000000)
  eden space 1536K, 0% used [0x00000000d5580000,0x00000000d5580000,0x00000000d5700000)
  from space 512K, 25% used [0x00000000d5800000,0x00000000d5820000,0x00000000d5880000)
  to   space 512K, 0% used [0x00000000d5700000,0x00000000d5700000,0x00000000d5780000)
 ParOldGen       total 506880K, used 88068K [0x0000000080000000, 0x000000009ef00000, 0x00000000d5580000)
  object space 506880K, 17% used [0x0000000080000000,0x0000000085601000,0x000000009ef00000)
 Metaspace       used 94333K, committed 97280K, reserved 1179648K
  class space    used 11326K, committed 12480K, reserved 1048576K
}
Event: 7687.875 GC heap before
{Heap before GC invocations=2403 (full 4):
 PSYoungGen      total 2048K, used 1664K [0x00000000d5580000, 0x00000000d5880000, 0x0000000100000000)
  eden space 1536K, 100% used [0x00000000d5580000,0x00000000d5700000,0x00000000d5700000)
  from space 512K, 25% used [0x00000000d5800000,0x00000000d5820000,0x00000000d5880000)
  to   space 512K, 0% used [0x00000000d5700000,0x00000000d5700000,0x00000000d5780000)
 ParOldGen       total 506880K, used 88068K [0x0000000080000000, 0x000000009ef00000, 0x00000000d5580000)
  object space 506880K, 17% used [0x0000000080000000,0x0000000085601000,0x000000009ef00000)
 Metaspace       used 94352K, committed 97280K, reserved 1179648K
  class space    used 11326K, committed 12480K, reserved 1048576K
}
Event: 7687.876 GC heap after
{Heap after GC invocations=2403 (full 4):
 PSYoungGen      total 2048K, used 96K [0x00000000d5580000, 0x00000000d5880000, 0x0000000100000000)
  eden space 1536K, 0% used [0x00000000d5580000,0x00000000d5580000,0x00000000d5700000)
  from space 512K, 18% used [0x00000000d5700000,0x00000000d5718000,0x00000000d5780000)
  to   space 512K, 0% used [0x00000000d5800000,0x00000000d5800000,0x00000000d5880000)
 ParOldGen       total 506880K, used 88076K [0x0000000080000000, 0x000000009ef00000, 0x00000000d5580000)
  object space 506880K, 17% used [0x0000000080000000,0x0000000085603000,0x000000009ef00000)
 Metaspace       used 94352K, committed 97280K, reserved 1179648K
  class space    used 11326K, committed 12480K, reserved 1048576K
}
Event: 7689.274 GC heap before
{Heap before GC invocations=2404 (full 4):
 PSYoungGen      total 2048K, used 1632K [0x00000000d5580000, 0x00000000d5880000, 0x0000000100000000)
  eden space 1536K, 100% used [0x00000000d5580000,0x00000000d5700000,0x00000000d5700000)
  from space 512K, 18% used [0x00000000d5700000,0x00000000d5718000,0x00000000d5780000)
  to   space 512K, 0% used [0x00000000d5800000,0x00000000d5800000,0x00000000d5880000)
 ParOldGen       total 506880K, used 88076K [0x0000000080000000, 0x000000009ef00000, 0x00000000d5580000)
  object space 506880K, 17% used [0x0000000080000000,0x0000000085603000,0x000000009ef00000)
 Metaspace       used 94379K, committed 97280K, reserved 1179648K
  class space    used 11326K, committed 12480K, reserved 1048576K
}
Event: 7689.275 GC heap after
{Heap after GC invocations=2404 (full 4):
 PSYoungGen      total 2048K, used 128K [0x00000000d5580000, 0x00000000d5880000, 0x0000000100000000)
  eden space 1536K, 0% used [0x00000000d5580000,0x00000000d5580000,0x00000000d5700000)
  from space 512K, 25% used [0x00000000d5800000,0x00000000d5820000,0x00000000d5880000)
  to   space 512K, 0% used [0x00000000d5700000,0x00000000d5700000,0x00000000d5780000)
 ParOldGen       total 506880K, used 88100K [0x0000000080000000, 0x000000009ef00000, 0x00000000d5580000)
  object space 506880K, 17% used [0x0000000080000000,0x0000000085609000,0x000000009ef00000)
 Metaspace       used 94379K, committed 97280K, reserved 1179648K
  class space    used 11326K, committed 12480K, reserved 1048576K
}
Event: 7694.111 GC heap before
{Heap before GC invocations=2405 (full 4):
 PSYoungGen      total 2048K, used 1664K [0x00000000d5580000, 0x00000000d5880000, 0x0000000100000000)
  eden space 1536K, 100% used [0x00000000d5580000,0x00000000d5700000,0x00000000d5700000)
  from space 512K, 25% used [0x00000000d5800000,0x00000000d5820000,0x00000000d5880000)
  to   space 512K, 0% used [0x00000000d5700000,0x00000000d5700000,0x00000000d5780000)
 ParOldGen       total 506880K, used 88100K [0x0000000080000000, 0x000000009ef00000, 0x00000000d5580000)
  object space 506880K, 17% used [0x0000000080000000,0x0000000085609000,0x000000009ef00000)
 Metaspace       used 94384K, committed 97280K, reserved 1179648K
  class space    used 11326K, committed 12480K, reserved 1048576K
}
Event: 7694.116 GC heap after
{Heap after GC invocations=2405 (full 4):
 PSYoungGen      total 2048K, used 128K [0x00000000d5580000, 0x00000000d5880000, 0x0000000100000000)
  eden space 1536K, 0% used [0x00000000d5580000,0x00000000d5580000,0x00000000d5700000)
  from space 512K, 25% used [0x00000000d5700000,0x00000000d5720000,0x00000000d5780000)
  to   space 512K, 0% used [0x00000000d5800000,0x00000000d5800000,0x00000000d5880000)
 ParOldGen       total 506880K, used 88116K [0x0000000080000000, 0x000000009ef00000, 0x00000000d5580000)
  object space 506880K, 17% used [0x0000000080000000,0x000000008560d000,0x000000009ef00000)
 Metaspace       used 94384K, committed 97280K, reserved 1179648K
  class space    used 11326K, committed 12480K, reserved 1048576K
}
Event: 7696.571 GC heap before
{Heap before GC invocations=2406 (full 4):
 PSYoungGen      total 2048K, used 1664K [0x00000000d5580000, 0x00000000d5880000, 0x0000000100000000)
  eden space 1536K, 100% used [0x00000000d5580000,0x00000000d5700000,0x00000000d5700000)
  from space 512K, 25% used [0x00000000d5700000,0x00000000d5720000,0x00000000d5780000)
  to   space 512K, 0% used [0x00000000d5800000,0x00000000d5800000,0x00000000d5880000)
 ParOldGen       total 506880K, used 88116K [0x0000000080000000, 0x000000009ef00000, 0x00000000d5580000)
  object space 506880K, 17% used [0x0000000080000000,0x000000008560d000,0x000000009ef00000)
 Metaspace       used 94427K, committed 97280K, reserved 1179648K
  class space    used 11326K, committed 12480K, reserved 1048576K
}
Event: 7696.572 GC heap after
{Heap after GC invocations=2406 (full 4):
 PSYoungGen      total 2048K, used 128K [0x00000000d5580000, 0x00000000d5880000, 0x0000000100000000)
  eden space 1536K, 0% used [0x00000000d5580000,0x00000000d5580000,0x00000000d5700000)
  from space 512K, 25% used [0x00000000d5800000,0x00000000d5820000,0x00000000d5880000)
  to   space 512K, 0% used [0x00000000d5700000,0x00000000d5700000,0x00000000d5780000)
 ParOldGen       total 506880K, used 88140K [0x0000000080000000, 0x000000009ef00000, 0x00000000d5580000)
  object space 506880K, 17% used [0x0000000080000000,0x0000000085613000,0x000000009ef00000)
 Metaspace       used 94427K, committed 97280K, reserved 1179648K
  class space    used 11326K, committed 12480K, reserved 1048576K
}
Event: 7698.021 GC heap before
{Heap before GC invocations=2407 (full 4):
 PSYoungGen      total 2048K, used 1664K [0x00000000d5580000, 0x00000000d5880000, 0x0000000100000000)
  eden space 1536K, 100% used [0x00000000d5580000,0x00000000d5700000,0x00000000d5700000)
  from space 512K, 25% used [0x00000000d5800000,0x00000000d5820000,0x00000000d5880000)
  to   space 512K, 0% used [0x00000000d5700000,0x00000000d5700000,0x00000000d5780000)
 ParOldGen       total 506880K, used 88140K [0x0000000080000000, 0x000000009ef00000, 0x00000000d5580000)
  object space 506880K, 17% used [0x0000000080000000,0x0000000085613000,0x000000009ef00000)
 Metaspace       used 94449K, committed 97280K, reserved 1179648K
  class space    used 11330K, committed 12480K, reserved 1048576K
}
Event: 7698.025 GC heap after
{Heap after GC invocations=2407 (full 4):
 PSYoungGen      total 2048K, used 160K [0x00000000d5580000, 0x00000000d5880000, 0x0000000100000000)
  eden space 1536K, 0% used [0x00000000d5580000,0x00000000d5580000,0x00000000d5700000)
  from space 512K, 31% used [0x00000000d5700000,0x00000000d5728000,0x00000000d5780000)
  to   space 512K, 0% used [0x00000000d5800000,0x00000000d5800000,0x00000000d5880000)
 ParOldGen       total 506880K, used 88188K [0x0000000080000000, 0x000000009ef00000, 0x00000000d5580000)
  object space 506880K, 17% used [0x0000000080000000,0x000000008561f000,0x000000009ef00000)
 Metaspace       used 94449K, committed 97280K, reserved 1179648K
  class space    used 11330K, committed 12480K, reserved 1048576K
}
Event: 7699.175 GC heap before
{Heap before GC invocations=2408 (full 4):
 PSYoungGen      total 2048K, used 1696K [0x00000000d5580000, 0x00000000d5880000, 0x0000000100000000)
  eden space 1536K, 100% used [0x00000000d5580000,0x00000000d5700000,0x00000000d5700000)
  from space 512K, 31% used [0x00000000d5700000,0x00000000d5728000,0x00000000d5780000)
  to   space 512K, 0% used [0x00000000d5800000,0x00000000d5800000,0x00000000d5880000)
 ParOldGen       total 506880K, used 88188K [0x0000000080000000, 0x000000009ef00000, 0x00000000d5580000)
  object space 506880K, 17% used [0x0000000080000000,0x000000008561f000,0x000000009ef00000)
 Metaspace       used 94469K, committed 97280K, reserved 1179648K
  class space    used 11330K, committed 12480K, reserved 1048576K
}
Event: 7699.176 GC heap after
{Heap after GC invocations=2408 (full 4):
 PSYoungGen      total 2048K, used 128K [0x00000000d5580000, 0x00000000d5880000, 0x0000000100000000)
  eden space 1536K, 0% used [0x00000000d5580000,0x00000000d5580000,0x00000000d5700000)
  from space 512K, 25% used [0x00000000d5800000,0x00000000d5820000,0x00000000d5880000)
  to   space 512K, 0% used [0x00000000d5700000,0x00000000d5700000,0x00000000d5780000)
 ParOldGen       total 506880K, used 88252K [0x0000000080000000, 0x000000009ef00000, 0x00000000d5580000)
  object space 506880K, 17% used [0x0000000080000000,0x000000008562f000,0x000000009ef00000)
 Metaspace       used 94469K, committed 97280K, reserved 1179648K
  class space    used 11330K, committed 12480K, reserved 1048576K
}
Event: 7699.454 GC heap before
{Heap before GC invocations=2409 (full 4):
 PSYoungGen      total 2048K, used 1664K [0x00000000d5580000, 0x00000000d5880000, 0x0000000100000000)
  eden space 1536K, 100% used [0x00000000d5580000,0x00000000d5700000,0x00000000d5700000)
  from space 512K, 25% used [0x00000000d5800000,0x00000000d5820000,0x00000000d5880000)
  to   space 512K, 0% used [0x00000000d5700000,0x00000000d5700000,0x00000000d5780000)
 ParOldGen       total 506880K, used 88252K [0x0000000080000000, 0x000000009ef00000, 0x00000000d5580000)
  object space 506880K, 17% used [0x0000000080000000,0x000000008562f000,0x000000009ef00000)
 Metaspace       used 94470K, committed 97280K, reserved 1179648K
  class space    used 11330K, committed 12480K, reserved 1048576K
}
Event: 7699.456 GC heap after
{Heap after GC invocations=2409 (full 4):
 PSYoungGen      total 2048K, used 128K [0x00000000d5580000, 0x00000000d5880000, 0x0000000100000000)
  eden space 1536K, 0% used [0x00000000d5580000,0x00000000d5580000,0x00000000d5700000)
  from space 512K, 25% used [0x00000000d5700000,0x00000000d5720000,0x00000000d5780000)
  to   space 512K, 0% used [0x00000000d5800000,0x00000000d5800000,0x00000000d5880000)
 ParOldGen       total 506880K, used 88284K [0x0000000080000000, 0x000000009ef00000, 0x00000000d5580000)
  object space 506880K, 17% used [0x0000000080000000,0x0000000085637000,0x000000009ef00000)
 Metaspace       used 94470K, committed 97280K, reserved 1179648K
  class space    used 11330K, committed 12480K, reserved 1048576K
}
Event: 7700.725 GC heap before
{Heap before GC invocations=2410 (full 4):
 PSYoungGen      total 2048K, used 1664K [0x00000000d5580000, 0x00000000d5880000, 0x0000000100000000)
  eden space 1536K, 100% used [0x00000000d5580000,0x00000000d5700000,0x00000000d5700000)
  from space 512K, 25% used [0x00000000d5700000,0x00000000d5720000,0x00000000d5780000)
  to   space 512K, 0% used [0x00000000d5800000,0x00000000d5800000,0x00000000d5880000)
 ParOldGen       total 506880K, used 88284K [0x0000000080000000, 0x000000009ef00000, 0x00000000d5580000)
  object space 506880K, 17% used [0x0000000080000000,0x0000000085637000,0x000000009ef00000)
 Metaspace       used 94473K, committed 97280K, reserved 1179648K
  class space    used 11330K, committed 12480K, reserved 1048576K
}
Event: 7700.726 GC heap after
{Heap after GC invocations=2410 (full 4):
 PSYoungGen      total 2048K, used 128K [0x00000000d5580000, 0x00000000d5880000, 0x0000000100000000)
  eden space 1536K, 0% used [0x00000000d5580000,0x00000000d5580000,0x00000000d5700000)
  from space 512K, 25% used [0x00000000d5800000,0x00000000d5820000,0x00000000d5880000)
  to   space 512K, 0% used [0x00000000d5700000,0x00000000d5700000,0x00000000d5780000)
 ParOldGen       total 506880K, used 88308K [0x0000000080000000, 0x000000009ef00000, 0x00000000d5580000)
  object space 506880K, 17% used [0x0000000080000000,0x000000008563d000,0x000000009ef00000)
 Metaspace       used 94473K, committed 97280K, reserved 1179648K
  class space    used 11330K, committed 12480K, reserved 1048576K
}

Dll operation events (16 events):
Event: 0.034 Loaded shared library c:\Users\KAKASHI\.vscode\extensions\redhat.java-1.54.0-win32-x64\jre\21.0.10-win32-x86_64\bin\java.dll
Event: 0.868 Loaded shared library c:\Users\KAKASHI\.vscode\extensions\redhat.java-1.54.0-win32-x64\jre\21.0.10-win32-x86_64\bin\zip.dll
Event: 1.020 Loaded shared library C:\Users\KAKASHI\.vscode\extensions\redhat.java-1.54.0-win32-x64\jre\21.0.10-win32-x86_64\bin\instrument.dll
Event: 1.137 Loaded shared library C:\Users\KAKASHI\.vscode\extensions\redhat.java-1.54.0-win32-x64\jre\21.0.10-win32-x86_64\bin\net.dll
Event: 1.143 Loaded shared library C:\Users\KAKASHI\.vscode\extensions\redhat.java-1.54.0-win32-x64\jre\21.0.10-win32-x86_64\bin\nio.dll
Event: 1.159 Loaded shared library C:\Users\KAKASHI\.vscode\extensions\redhat.java-1.54.0-win32-x64\jre\21.0.10-win32-x86_64\bin\zip.dll
Event: 1.683 Loaded shared library C:\Users\KAKASHI\.vscode\extensions\redhat.java-1.54.0-win32-x64\jre\21.0.10-win32-x86_64\bin\jimage.dll
Event: 2.190 Loaded shared library c:\Users\KAKASHI\.vscode\extensions\redhat.java-1.54.0-win32-x64\jre\21.0.10-win32-x86_64\bin\verify.dll
Event: 31.538 Loaded shared library C:\Users\KAKASHI\AppData\Roaming\Code\User\globalStorage\redhat.java\1.54.0\config_win\org.eclipse.equinox.launcher\org.eclipse.equinox.launcher.win32.win32.x86_64_1.3.0.v20260203-2149\eclipse_11919.dll
Event: 69.576 Loaded shared library C:\Users\KAKASHI\AppData\Local\Temp\jna--224523288\jna7156418121894611224.dll
Event: 84.906 Loaded shared library C:\Users\KAKASHI\.vscode\extensions\redhat.java-1.54.0-win32-x64\jre\21.0.10-win32-x86_64\bin\sunmscapi.dll
Event: 85.241 Loaded shared library C:\Users\KAKASHI\.vscode\extensions\redhat.java-1.54.0-win32-x64\jre\21.0.10-win32-x86_64\bin\extnet.dll
Event: 101.261 Loaded shared library C:\Users\KAKASHI\.gradle\native\1def1411415f61bf3af743bc5b6707747c0891f09f0c88961ee8f79bc544acac\windows-amd64\native-platform.dll
Event: 103.843 Loaded shared library C:\Users\KAKASHI\.vscode\extensions\redhat.java-1.54.0-win32-x64\jre\21.0.10-win32-x86_64\bin\management.dll
Event: 103.847 Loaded shared library C:\Users\KAKASHI\.vscode\extensions\redhat.java-1.54.0-win32-x64\jre\21.0.10-win32-x86_64\bin\management_ext.dll
Event: 107.889 Loaded shared library C:\Users\KAKASHI\.gradle\native\c067742578af261105cb4f569cf0c3c89f3d7b1fecec35dd04571415982c5e48\windows-amd64\native-platform.dll

Deoptimization events (20 events):
Event: 7697.345 Thread 0x0000022e99f256f0 Uncommon trap: trap_request=0xffffffc6 fr.pc=0x0000022e45679428 relative=0x0000000000000c68
Event: 7697.345 Thread 0x0000022e99f256f0 Uncommon trap: reason=bimorphic_or_optimized_type_check action=maybe_recompile pc=0x0000022e45679428 method=org.eclipse.core.internal.localstore.UnifiedTree.accept(Lorg/eclipse/core/internal/localstore/IUnifiedTreeVisitor;I)V @ 70 c2
Event: 7697.350 Thread 0x0000022e99f256f0 DEOPT PACKING pc=0x0000022e45679428 sp=0x0000009a25dfe4b0
Event: 7697.350 Thread 0x0000022e99f256f0 DEOPT UNPACKING pc=0x0000022e450c3aa2 sp=0x0000009a25dfe480 mode 2
Event: 7697.353 Thread 0x0000022e99f256f0 Uncommon trap: trap_request=0xffffffc6 fr.pc=0x0000022e45679428 relative=0x0000000000000c68
Event: 7697.353 Thread 0x0000022e99f256f0 Uncommon trap: reason=bimorphic_or_optimized_type_check action=maybe_recompile pc=0x0000022e45679428 method=org.eclipse.core.internal.localstore.UnifiedTree.accept(Lorg/eclipse/core/internal/localstore/IUnifiedTreeVisitor;I)V @ 70 c2
Event: 7697.353 Thread 0x0000022e99f256f0 DEOPT PACKING pc=0x0000022e45679428 sp=0x0000009a25dfe360
Event: 7697.353 Thread 0x0000022e99f256f0 DEOPT UNPACKING pc=0x0000022e450c3aa2 sp=0x0000009a25dfe330 mode 2
Event: 7697.355 Thread 0x0000022e99f256f0 Uncommon trap: trap_request=0xffffffc6 fr.pc=0x0000022e45679428 relative=0x0000000000000c68
Event: 7697.355 Thread 0x0000022e99f256f0 Uncommon trap: reason=bimorphic_or_optimized_type_check action=maybe_recompile pc=0x0000022e45679428 method=org.eclipse.core.internal.localstore.UnifiedTree.accept(Lorg/eclipse/core/internal/localstore/IUnifiedTreeVisitor;I)V @ 70 c2
Event: 7697.355 Thread 0x0000022e99f256f0 DEOPT PACKING pc=0x0000022e45679428 sp=0x0000009a25dfe3d0
Event: 7697.355 Thread 0x0000022e99f256f0 DEOPT UNPACKING pc=0x0000022e450c3aa2 sp=0x0000009a25dfe3a0 mode 2
Event: 7699.142 Thread 0x0000022e99f22270 DEOPT PACKING pc=0x0000022e3fbc99c4 sp=0x0000009a25efe590
Event: 7699.142 Thread 0x0000022e99f22270 DEOPT UNPACKING pc=0x0000022e450c4242 sp=0x0000009a25efda70 mode 0
Event: 7964.666 Thread 0x0000022e99f22900 Uncommon trap: trap_request=0xffffff45 fr.pc=0x0000022e46380734 relative=0x00000000000001d4
Event: 7964.666 Thread 0x0000022e99f22900 Uncommon trap: reason=unstable_if action=reinterpret pc=0x0000022e46380734 method=org.eclipse.core.internal.registry.ReferenceMap.get(I)Ljava/lang/Object; @ 32 c2
Event: 7964.666 Thread 0x0000022e99f22900 DEOPT PACKING pc=0x0000022e46380734 sp=0x0000009a25bfe6a0
Event: 7964.666 Thread 0x0000022e99f22900 DEOPT UNPACKING pc=0x0000022e450c3aa2 sp=0x0000009a25bfe5b8 mode 2
Event: 8053.763 Thread 0x0000022e99dc1170 DEOPT PACKING pc=0x0000022e3fdda62b sp=0x0000009a264ff3d0
Event: 8053.763 Thread 0x0000022e99dc1170 DEOPT UNPACKING pc=0x0000022e450c4242 sp=0x0000009a264fe8b8 mode 0

Classes loaded (20 events):
Event: 3444.944 Loading class java/lang/Process$PipeInputStream
Event: 3444.944 Loading class java/lang/Process$PipeInputStream done
Event: 3445.000 Loading class jdk/internal/event/ProcessStartEvent
Event: 3445.000 Loading class jdk/internal/event/ProcessStartEvent done
Event: 3446.021 Loading class java/util/EnumMap$EntrySet
Event: 3446.022 Loading class java/util/EnumMap$EntrySet done
Event: 3446.022 Loading class java/util/EnumMap$EntryIterator
Event: 3446.022 Loading class java/util/EnumMap$EnumMapIterator
Event: 3446.023 Loading class java/util/EnumMap$EnumMapIterator done
Event: 3446.023 Loading class java/util/EnumMap$EntryIterator done
Event: 3446.023 Loading class java/util/EnumMap$EntryIterator$Entry
Event: 3446.023 Loading class java/util/EnumMap$EntryIterator$Entry done
Event: 3446.532 Loading class java/lang/ProcessBuilder$NullInputStream
Event: 3446.533 Loading class java/lang/ProcessBuilder$NullInputStream done
Event: 3446.539 Loading class java/util/Scanner
Event: 3446.575 Loading class java/util/Scanner done
Event: 3446.579 Loading class java/util/Scanner$PatternLRUCache
Event: 3446.580 Loading class java/util/Scanner$PatternLRUCache done
Event: 3471.376 Loading class java/util/regex/Matcher$ImmutableMatchResult
Event: 3471.377 Loading class java/util/regex/Matcher$ImmutableMatchResult done

Classes unloaded (20 events):
Event: 7669.937 Thread 0x0000022e5130e890 Unloading class 0x0000022e53016400 'java/lang/invoke/LambdaForm$MH+0x0000022e53016400'
Event: 7669.938 Thread 0x0000022e5130e890 Unloading class 0x0000022e5300d800 'java/lang/invoke/LambdaForm$MH+0x0000022e5300d800'
Event: 7669.938 Thread 0x0000022e5130e890 Unloading class 0x0000022e5300d400 'java/lang/invoke/LambdaForm$MH+0x0000022e5300d400'
Event: 7669.938 Thread 0x0000022e5130e890 Unloading class 0x0000022e5300d000 'java/lang/invoke/LambdaForm$MH+0x0000022e5300d000'
Event: 7669.938 Thread 0x0000022e5130e890 Unloading class 0x0000022e5300cc00 'java/lang/invoke/LambdaForm$MH+0x0000022e5300cc00'
Event: 7669.938 Thread 0x0000022e5130e890 Unloading class 0x0000022e5300c800 'java/lang/invoke/LambdaForm$BMH+0x0000022e5300c800'
Event: 7669.938 Thread 0x0000022e5130e890 Unloading class 0x0000022e5300c000 'java/lang/invoke/LambdaForm$DMH+0x0000022e5300c000'
Event: 7669.939 Thread 0x0000022e5130e890 Unloading class 0x0000022e53008c00 'java/lang/invoke/LambdaForm$MH+0x0000022e53008c00'
Event: 7669.939 Thread 0x0000022e5130e890 Unloading class 0x0000022e53008800 'java/lang/invoke/LambdaForm$MH+0x0000022e53008800'
Event: 7669.939 Thread 0x0000022e5130e890 Unloading class 0x0000022e53008400 'java/lang/invoke/LambdaForm$MH+0x0000022e53008400'
Event: 7669.939 Thread 0x0000022e5130e890 Unloading class 0x0000022e53007000 'java/lang/invoke/LambdaForm$MH+0x0000022e53007000'
Event: 7669.939 Thread 0x0000022e5130e890 Unloading class 0x0000022e53006800 'java/lang/invoke/LambdaForm$MH+0x0000022e53006800'
Event: 7669.939 Thread 0x0000022e5130e890 Unloading class 0x0000022e53006400 'java/lang/invoke/LambdaForm$MH+0x0000022e53006400'
Event: 7669.939 Thread 0x0000022e5130e890 Unloading class 0x0000022e53006000 'java/lang/invoke/LambdaForm$MH+0x0000022e53006000'
Event: 7669.939 Thread 0x0000022e5130e890 Unloading class 0x0000022e53005c00 'java/lang/invoke/LambdaForm$BMH+0x0000022e53005c00'
Event: 7669.939 Thread 0x0000022e5130e890 Unloading class 0x0000022e53004800 'java/lang/invoke/LambdaForm$DMH+0x0000022e53004800'
Event: 7669.939 Thread 0x0000022e5130e890 Unloading class 0x0000022e53002400 'java/lang/invoke/LambdaForm$MH+0x0000022e53002400'
Event: 7669.939 Thread 0x0000022e5130e890 Unloading class 0x0000022e53002000 'java/lang/invoke/LambdaForm$MH+0x0000022e53002000'
Event: 7669.939 Thread 0x0000022e5130e890 Unloading class 0x0000022e53001800 'java/lang/invoke/LambdaForm$MH+0x0000022e53001800'
Event: 7669.940 Thread 0x0000022e5130e890 Unloading class 0x0000022e53000400 'java/lang/invoke/LambdaForm$MH+0x0000022e53000400'

Classes redefined (0 events):
No events

Internal exceptions (20 events):
Event: 7694.142 Thread 0x0000022e99f256f0 Implicit null exception at 0x0000022e463fda9a to 0x0000022e463fdfb4
Event: 7694.278 Thread 0x0000022e99f256f0 Exception <a 'sun/nio/fs/WindowsException'{0x00000000d560c708}> (0x00000000d560c708) 
thrown [s\src\hotspot\share\prims\jni.cpp, line 520]
Event: 7696.607 Thread 0x0000022e99f256f0 Implicit null exception at 0x0000022e46191cb9 to 0x0000022e46191f65
Event: 7696.608 Thread 0x0000022e99f256f0 Implicit null exception at 0x0000022e463a5db9 to 0x0000022e463a6008
Event: 7696.611 Thread 0x0000022e99f256f0 Implicit null exception at 0x0000022e45637f92 to 0x0000022e45638041
Event: 7696.617 Thread 0x0000022e99f256f0 Implicit null exception at 0x0000022e45ee2d9b to 0x0000022e45ee41f8
Event: 7964.669 Thread 0x0000022e99f22900 Exception <a 'sun/nio/fs/WindowsException'{0x00000000d5604730}> (0x00000000d5604730) 
thrown [s\src\hotspot\share\prims\jni.cpp, line 520]
Event: 7964.669 Thread 0x0000022e99f22900 Exception <a 'sun/nio/fs/WindowsException'{0x00000000d5605390}> (0x00000000d5605390) 
thrown [s\src\hotspot\share\prims\jni.cpp, line 520]
Event: 7964.670 Thread 0x0000022e99f22900 Exception <a 'sun/nio/fs/WindowsException'{0x00000000d5607b50}> (0x00000000d5607b50) 
thrown [s\src\hotspot\share\prims\jni.cpp, line 520]
Event: 7964.670 Thread 0x0000022e99f22900 Exception <a 'sun/nio/fs/WindowsException'{0x00000000d5608788}> (0x00000000d5608788) 
thrown [s\src\hotspot\share\prims\jni.cpp, line 520]
Event: 7964.671 Thread 0x0000022e99f22900 Exception <a 'sun/nio/fs/WindowsException'{0x00000000d560a758}> (0x00000000d560a758) 
thrown [s\src\hotspot\share\prims\jni.cpp, line 520]
Event: 7964.671 Thread 0x0000022e99f22900 Exception <a 'sun/nio/fs/WindowsException'{0x00000000d560b390}> (0x00000000d560b390) 
thrown [s\src\hotspot\share\prims\jni.cpp, line 520]
Event: 7964.671 Thread 0x0000022e99f22900 Exception <a 'sun/nio/fs/WindowsException'{0x00000000d560d360}> (0x00000000d560d360) 
thrown [s\src\hotspot\share\prims\jni.cpp, line 520]
Event: 7964.671 Thread 0x0000022e99f22900 Exception <a 'sun/nio/fs/WindowsException'{0x00000000d560df98}> (0x00000000d560df98) 
thrown [s\src\hotspot\share\prims\jni.cpp, line 520]
Event: 7964.673 Thread 0x0000022e99f22900 Exception <a 'sun/nio/fs/WindowsException'{0x00000000d560ff68}> (0x00000000d560ff68) 
thrown [s\src\hotspot\share\prims\jni.cpp, line 520]
Event: 7964.673 Thread 0x0000022e99f22900 Exception <a 'sun/nio/fs/WindowsException'{0x00000000d5610ba0}> (0x00000000d5610ba0) 
thrown [s\src\hotspot\share\prims\jni.cpp, line 520]
Event: 7964.673 Thread 0x0000022e99f22900 Exception <a 'sun/nio/fs/WindowsException'{0x00000000d5612b70}> (0x00000000d5612b70) 
thrown [s\src\hotspot\share\prims\jni.cpp, line 520]
Event: 7964.673 Thread 0x0000022e99f22900 Exception <a 'sun/nio/fs/WindowsException'{0x00000000d56137a8}> (0x00000000d56137a8) 
thrown [s\src\hotspot\share\prims\jni.cpp, line 520]
Event: 7964.674 Thread 0x0000022e99f22900 Exception <a 'sun/nio/fs/WindowsException'{0x00000000d5615778}> (0x00000000d5615778) 
thrown [s\src\hotspot\share\prims\jni.cpp, line 520]
Event: 7964.674 Thread 0x0000022e99f22900 Exception <a 'sun/nio/fs/WindowsException'{0x00000000d56163b0}> (0x00000000d56163b0) 
thrown [s\src\hotspot\share\prims\jni.cpp, line 520]

ZGC Phase Switch (0 events):
No events

VM Operations (20 events):
Event: 7699.025 Executing safepoint VM operation: Cleanup
Event: 7699.025 Executing safepoint VM operation: Cleanup done
Event: 7699.175 Executing safepoint VM operation: ParallelGCFailedAllocation (Allocation Failure)
Event: 7699.176 Executing safepoint VM operation: ParallelGCFailedAllocation (Allocation Failure) done
Event: 7699.452 Executing safepoint VM operation: ParallelGCFailedAllocation (Allocation Failure)
Event: 7699.456 Executing safepoint VM operation: ParallelGCFailedAllocation (Allocation Failure) done
Event: 7699.678 Executing non-safepoint VM operation: HandshakeAllThreads (HandshakeForDeflation)
Event: 7699.678 Executing non-safepoint VM operation: HandshakeAllThreads (HandshakeForDeflation) done
Event: 7699.678 Executing non-safepoint VM operation: RendezvousGCThreads
Event: 7699.678 Executing non-safepoint VM operation: RendezvousGCThreads done
Event: 7700.682 Executing safepoint VM operation: Cleanup
Event: 7700.682 Executing safepoint VM operation: Cleanup done
Event: 7700.725 Executing safepoint VM operation: ParallelGCFailedAllocation (Allocation Failure)
Event: 7700.726 Executing safepoint VM operation: ParallelGCFailedAllocation (Allocation Failure) done
Event: 7759.872 Executing non-safepoint VM operation: HandshakeAllThreads (HandshakeForDeflation)
Event: 7759.872 Executing non-safepoint VM operation: HandshakeAllThreads (HandshakeForDeflation) done
Event: 7759.872 Executing non-safepoint VM operation: RendezvousGCThreads
Event: 7759.872 Executing non-safepoint VM operation: RendezvousGCThreads done
Event: 7965.013 Executing safepoint VM operation: Cleanup
Event: 7965.013 Executing safepoint VM operation: Cleanup done

Memory protections (0 events):
No events

Nmethod flushes (20 events):
Event: 7671.461 Thread 0x0000022e5130e890 flushing  nmethod 0x0000022e3ec42b90
Event: 7671.461 Thread 0x0000022e5130e890 flushing  nmethod 0x0000022e3f2d2010
Event: 7671.461 Thread 0x0000022e5130e890 flushing  nmethod 0x0000022e3f606110
Event: 7671.461 Thread 0x0000022e5130e890 flushing  nmethod 0x0000022e3f628e10
Event: 7671.461 Thread 0x0000022e5130e890 flushing  nmethod 0x0000022e3f6cf990
Event: 7671.461 Thread 0x0000022e5130e890 flushing  nmethod 0x0000022e3f6d3e10
Event: 7671.461 Thread 0x0000022e5130e890 flushing  nmethod 0x0000022e3f6d5290
Event: 7671.461 Thread 0x0000022e5130e890 flushing  nmethod 0x0000022e3f8bfa90
Event: 7671.461 Thread 0x0000022e5130e890 flushing  nmethod 0x0000022e3f9e3490
Event: 7671.461 Thread 0x0000022e5130e890 flushing  nmethod 0x0000022e3f9eb590
Event: 7671.461 Thread 0x0000022e5130e890 flushing  nmethod 0x0000022e3f9f8110
Event: 7671.461 Thread 0x0000022e5130e890 flushing  nmethod 0x0000022e3fa03390
Event: 7671.461 Thread 0x0000022e5130e890 flushing  nmethod 0x0000022e3fa03c10
Event: 7671.461 Thread 0x0000022e5130e890 flushing  nmethod 0x0000022e3fa3bb90
Event: 7671.461 Thread 0x0000022e5130e890 flushing  nmethod 0x0000022e3faa0810
Event: 7671.461 Thread 0x0000022e5130e890 flushing  nmethod 0x0000022e3fb3b290
Event: 7671.461 Thread 0x0000022e5130e890 flushing  nmethod 0x0000022e3fba0690
Event: 7671.461 Thread 0x0000022e5130e890 flushing  nmethod 0x0000022e3fd35510
Event: 7671.461 Thread 0x0000022e5130e890 flushing  nmethod 0x0000022e3fdcd290
Event: 7671.461 Thread 0x0000022e5130e890 flushing  nmethod 0x0000022e3fdcdb90

Events (20 events):
Event: 4454.474 Thread 0x0000022e9747a200 Thread exited: 0x0000022e9747a200
Event: 4514.940 Thread 0x0000022e99f28b70 Thread exited: 0x0000022e99f28b70
Event: 4664.372 Thread 0x0000022e99f22900 Thread added: 0x0000022e974794e0
Event: 4664.393 Thread 0x0000022e974794e0 Thread exited: 0x0000022e974794e0
Event: 4664.411 Thread 0x0000022e99f22900 Thread added: 0x0000022e9747a200
Event: 4664.436 Thread 0x0000022e9747a200 Thread added: 0x0000022e9747b5b0
Event: 4664.438 Thread 0x0000022e9747a200 Thread added: 0x0000022e9747a890
Event: 4664.505 Thread 0x0000022e9747a890 Thread exited: 0x0000022e9747a890
Event: 4664.507 Thread 0x0000022e9747b5b0 Thread exited: 0x0000022e9747b5b0
Event: 4664.508 Thread 0x0000022e9747a200 Thread exited: 0x0000022e9747a200
Event: 7697.559 Thread 0x0000022e99f22900 Thread added: 0x0000022e9747a200
Event: 7760.883 Thread 0x0000022e99dba1e0 Thread exited: 0x0000022e99dba1e0
Event: 7964.603 Thread 0x0000022e99f22900 Thread added: 0x0000022e97478130
Event: 7964.662 Thread 0x0000022e97478130 Thread exited: 0x0000022e97478130
Event: 7964.676 Thread 0x0000022e99f22900 Thread added: 0x0000022e9747b5b0
Event: 7964.732 Thread 0x0000022e9747b5b0 Thread added: 0x0000022e974794e0
Event: 7964.732 Thread 0x0000022e9747b5b0 Thread added: 0x0000022e9747a890
Event: 7964.817 Thread 0x0000022e974794e0 Thread exited: 0x0000022e974794e0
Event: 7964.817 Thread 0x0000022e9747b5b0 Thread exited: 0x0000022e9747b5b0
Event: 7964.817 Thread 0x0000022e9747a890 Thread exited: 0x0000022e9747a890


Dynamic libraries:
0x00007ff678ac0000 - 0x00007ff678ace000 	c:\Users\KAKASHI\.vscode\extensions\redhat.java-1.54.0-win32-x64\jre\21.0.10-win32-x86_64\bin\java.exe
0x00007ffc2e2b0000 - 0x00007ffc2e4a8000 	C:\Windows\SYSTEM32\ntdll.dll
0x00007ffc2d4a0000 - 0x00007ffc2d562000 	C:\Windows\System32\KERNEL32.DLL
0x00007ffc2be30000 - 0x00007ffc2c126000 	C:\Windows\System32\KERNELBASE.dll
0x00007ffc2c1d0000 - 0x00007ffc2c2d0000 	C:\Windows\System32\ucrtbase.dll
0x00007ffbfd400000 - 0x00007ffbfd418000 	c:\Users\KAKASHI\.vscode\extensions\redhat.java-1.54.0-win32-x64\jre\21.0.10-win32-x86_64\bin\jli.dll
0x00007ffc2e010000 - 0x00007ffc2e1b1000 	C:\Windows\System32\USER32.dll
0x00007ffc2b940000 - 0x00007ffc2b962000 	C:\Windows\System32\win32u.dll
0x00007ffc2d470000 - 0x00007ffc2d49b000 	C:\Windows\System32\GDI32.dll
0x00007ffc2bb50000 - 0x00007ffc2bc69000 	C:\Windows\System32\gdi32full.dll
0x00007ffc2c130000 - 0x00007ffc2c1cd000 	C:\Windows\System32\msvcp_win.dll
0x00007ffbfd420000 - 0x00007ffbfd43e000 	c:\Users\KAKASHI\.vscode\extensions\redhat.java-1.54.0-win32-x64\jre\21.0.10-win32-x86_64\bin\VCRUNTIME140.dll
0x00007ffc15fb0000 - 0x00007ffc1624b000 	C:\Windows\WinSxS\amd64_microsoft.windows.common-controls_6595b64144ccf1df_6.0.19041.6456_none_60b8a6cb71f64256\COMCTL32.dll
0x00007ffc2df10000 - 0x00007ffc2dfae000 	C:\Windows\System32\msvcrt.dll
0x00007ffc2cc00000 - 0x00007ffc2cc2f000 	C:\Windows\System32\IMM32.DLL
0x00007ffbfdaa0000 - 0x00007ffbfdaac000 	c:\Users\KAKASHI\.vscode\extensions\redhat.java-1.54.0-win32-x64\jre\21.0.10-win32-x86_64\bin\vcruntime140_1.dll
0x00007ffb85800000 - 0x00007ffb8588d000 	c:\Users\KAKASHI\.vscode\extensions\redhat.java-1.54.0-win32-x64\jre\21.0.10-win32-x86_64\bin\msvcp140.dll
0x00007ffb56250000 - 0x00007ffb56ff1000 	c:\Users\KAKASHI\.vscode\extensions\redhat.java-1.54.0-win32-x64\jre\21.0.10-win32-x86_64\bin\server\jvm.dll
0x00007ffc2d570000 - 0x00007ffc2d621000 	C:\Windows\System32\ADVAPI32.dll
0x00007ffc2c420000 - 0x00007ffc2c4bf000 	C:\Windows\System32\sechost.dll
0x00007ffc2d0b0000 - 0x00007ffc2d1d0000 	C:\Windows\System32\RPCRT4.dll
0x00007ffc2bd70000 - 0x00007ffc2bd97000 	C:\Windows\System32\bcrypt.dll
0x00007ffc2d380000 - 0x00007ffc2d3eb000 	C:\Windows\System32\WS2_32.dll
0x00007ffc2b7a0000 - 0x00007ffc2b7eb000 	C:\Windows\SYSTEM32\POWRPROF.dll
0x00007ffc11810000 - 0x00007ffc11837000 	C:\Windows\SYSTEM32\WINMM.dll
0x00007ffc1eeb0000 - 0x00007ffc1eeba000 	C:\Windows\SYSTEM32\VERSION.dll
0x00007ffc2b6d0000 - 0x00007ffc2b6e2000 	C:\Windows\SYSTEM32\UMPDC.dll
0x00007ffc2a150000 - 0x00007ffc2a162000 	C:\Windows\SYSTEM32\kernel.appcore.dll
0x00007ffbfd3a0000 - 0x00007ffbfd3aa000 	c:\Users\KAKASHI\.vscode\extensions\redhat.java-1.54.0-win32-x64\jre\21.0.10-win32-x86_64\bin\jimage.dll
0x00007ffc26640000 - 0x00007ffc26841000 	C:\Windows\SYSTEM32\DBGHELP.DLL
0x00007ffc05d70000 - 0x00007ffc05da4000 	C:\Windows\SYSTEM32\dbgcore.DLL
0x00007ffc2bda0000 - 0x00007ffc2be22000 	C:\Windows\System32\bcryptPrimitives.dll
0x00007ffc149e0000 - 0x00007ffc149ef000 	c:\Users\KAKASHI\.vscode\extensions\redhat.java-1.54.0-win32-x64\jre\21.0.10-win32-x86_64\bin\instrument.dll
0x00007ffc11cb0000 - 0x00007ffc11cd0000 	c:\Users\KAKASHI\.vscode\extensions\redhat.java-1.54.0-win32-x64\jre\21.0.10-win32-x86_64\bin\java.dll
0x00007ffc2d7a0000 - 0x00007ffc2df10000 	C:\Windows\System32\SHELL32.dll
0x00007ffc26850000 - 0x00007ffc26ff5000 	C:\Windows\SYSTEM32\windows.storage.dll
0x00007ffc2c8a0000 - 0x00007ffc2cbf4000 	C:\Windows\System32\combase.dll
0x00007ffc2b300000 - 0x00007ffc2b32b000 	C:\Windows\SYSTEM32\Wldp.dll
0x00007ffc2c520000 - 0x00007ffc2c5ed000 	C:\Windows\System32\OLEAUT32.dll
0x00007ffc2c360000 - 0x00007ffc2c40d000 	C:\Windows\System32\SHCORE.dll
0x00007ffc2c840000 - 0x00007ffc2c89b000 	C:\Windows\System32\shlwapi.dll
0x00007ffc2b870000 - 0x00007ffc2b894000 	C:\Windows\SYSTEM32\profapi.dll
0x00007ffc11a70000 - 0x00007ffc11a88000 	c:\Users\KAKASHI\.vscode\extensions\redhat.java-1.54.0-win32-x64\jre\21.0.10-win32-x86_64\bin\zip.dll
0x00007ffc0b9b0000 - 0x00007ffc0b9c0000 	C:\Users\KAKASHI\.vscode\extensions\redhat.java-1.54.0-win32-x64\jre\21.0.10-win32-x86_64\bin\net.dll
0x00007ffc1d2b0000 - 0x00007ffc1d3ba000 	C:\Windows\SYSTEM32\WINHTTP.dll
0x00007ffc2b060000 - 0x00007ffc2b0ca000 	C:\Windows\system32\mswsock.dll
0x00007ffc0b990000 - 0x00007ffc0b9a6000 	C:\Users\KAKASHI\.vscode\extensions\redhat.java-1.54.0-win32-x64\jre\21.0.10-win32-x86_64\bin\nio.dll
0x00007ffc11d80000 - 0x00007ffc11d90000 	c:\Users\KAKASHI\.vscode\extensions\redhat.java-1.54.0-win32-x64\jre\21.0.10-win32-x86_64\bin\verify.dll
0x00007ffbf8340000 - 0x00007ffbf8385000 	C:\Users\KAKASHI\AppData\Roaming\Code\User\globalStorage\redhat.java\1.54.0\config_win\org.eclipse.equinox.launcher\org.eclipse.equinox.launcher.win32.win32.x86_64_1.3.0.v20260203-2149\eclipse_11919.dll
0x00007ffc2c710000 - 0x00007ffc2c83b000 	C:\Windows\System32\ole32.dll
0x00007ffc2b260000 - 0x00007ffc2b278000 	C:\Windows\SYSTEM32\CRYPTSP.dll
0x00007ffc2a910000 - 0x00007ffc2a948000 	C:\Windows\system32\rsaenh.dll
0x00007ffc2b830000 - 0x00007ffc2b85e000 	C:\Windows\SYSTEM32\USERENV.dll
0x00007ffc2b250000 - 0x00007ffc2b25c000 	C:\Windows\SYSTEM32\CRYPTBASE.dll
0x00007ffc2ad40000 - 0x00007ffc2ad7b000 	C:\Windows\SYSTEM32\IPHLPAPI.DLL
0x00007ffc2d630000 - 0x00007ffc2d638000 	C:\Windows\System32\NSI.dll
0x00007ffb68db0000 - 0x00007ffb68df9000 	C:\Users\KAKASHI\AppData\Local\Temp\jna--224523288\jna7156418121894611224.dll
0x00007ffc2cc30000 - 0x00007ffc2cc38000 	C:\Windows\System32\PSAPI.DLL
0x00007ffc20000000 - 0x00007ffc20017000 	C:\Windows\SYSTEM32\dhcpcsvc6.DLL
0x00007ffc1ffd0000 - 0x00007ffc1ffed000 	C:\Windows\SYSTEM32\dhcpcsvc.DLL
0x00007ffc0b970000 - 0x00007ffc0b97e000 	C:\Users\KAKASHI\.vscode\extensions\redhat.java-1.54.0-win32-x64\jre\21.0.10-win32-x86_64\bin\sunmscapi.dll
0x00007ffc2b9f0000 - 0x00007ffc2bb4d000 	C:\Windows\System32\CRYPT32.dll
0x00007ffc2b370000 - 0x00007ffc2b397000 	C:\Windows\SYSTEM32\ncrypt.dll
0x00007ffc2b330000 - 0x00007ffc2b36b000 	C:\Windows\SYSTEM32\NTASN1.dll
0x00007ffc2ad80000 - 0x00007ffc2ae4a000 	C:\Windows\SYSTEM32\DNSAPI.dll
0x0000000059270000 - 0x000000005927a000 	C:\Program Files\National Instruments\Shared\mDNS Responder\nimdnsNSP.dll
0x0000000059260000 - 0x0000000059270000 	C:\Windows\SYSTEM32\nimdnsResponder.dll
0x00007ffc1fff0000 - 0x00007ffc1fffa000 	C:\Windows\System32\rasadhlp.dll
0x00007ffc17080000 - 0x00007ffc17100000 	C:\Windows\System32\fwpuclnt.dll
0x00007ffc0b960000 - 0x00007ffc0b969000 	C:\Users\KAKASHI\.vscode\extensions\redhat.java-1.54.0-win32-x64\jre\21.0.10-win32-x86_64\bin\extnet.dll
0x00007ffbfd460000 - 0x00007ffbfd487000 	C:\Users\KAKASHI\.gradle\native\1def1411415f61bf3af743bc5b6707747c0891f09f0c88961ee8f79bc544acac\windows-amd64\native-platform.dll
0x00007ffc20180000 - 0x00007ffc2018a000 	C:\Users\KAKASHI\.vscode\extensions\redhat.java-1.54.0-win32-x64\jre\21.0.10-win32-x86_64\bin\management.dll
0x00007ffc11d50000 - 0x00007ffc11d5c000 	C:\Users\KAKASHI\.vscode\extensions\redhat.java-1.54.0-win32-x64\jre\21.0.10-win32-x86_64\bin\management_ext.dll
0x00007ffbfd770000 - 0x00007ffbfd797000 	C:\Users\KAKASHI\.gradle\native\c067742578af261105cb4f569cf0c3c89f3d7b1fecec35dd04571415982c5e48\windows-amd64\native-platform.dll
0x00007ffc1dd60000 - 0x00007ffc1dd67000 	C:\Windows\system32\wshunix.dll
0x00007ffc24850000 - 0x00007ffc248e4000 	C:\Windows\system32\apphelp.dll

JVMTI agents:
c:\Users\KAKASHI\.vscode\extensions\redhat.java-1.54.0-win32-x64\lombok\lombok-1.18.39-4050.jar path:c:\Users\KAKASHI\.vscode\extensions\redhat.java-1.54.0-win32-x64\jre\21.0.10-win32-x86_64\bin\instrument.dll, loaded, initialized, instrumentlib options:none

dbghelp: loaded successfully - version: 4.0.5 - missing functions: none
symbol engine: initialized successfully - sym options: 0x614 - pdb path: .;c:\Users\KAKASHI\.vscode\extensions\redhat.java-1.54.0-win32-x64\jre\21.0.10-win32-x86_64\bin;C:\Windows\SYSTEM32;C:\Windows\WinSxS\amd64_microsoft.windows.common-controls_6595b64144ccf1df_6.0.19041.6456_none_60b8a6cb71f64256;c:\Users\KAKASHI\.vscode\extensions\redhat.java-1.54.0-win32-x64\jre\21.0.10-win32-x86_64\bin\server;C:\Users\KAKASHI\AppData\Roaming\Code\User\globalStorage\redhat.java\1.54.0\config_win\org.eclipse.equinox.launcher\org.eclipse.equinox.launcher.win32.win32.x86_64_1.3.0.v20260203-2149;C:\Users\KAKASHI\AppData\Local\Temp\jna--224523288;C:\Program Files\National Instruments\Shared\mDNS Responder;C:\Users\KAKASHI\.gradle\native\1def1411415f61bf3af743bc5b6707747c0891f09f0c88961ee8f79bc544acac\windows-amd64;C:\Users\KAKASHI\.gradle\native\c067742578af261105cb4f569cf0c3c89f3d7b1fecec35dd04571415982c5e48\windows-amd64

VM Arguments:
jvm_args: --add-modules=ALL-SYSTEM --add-opens=java.base/java.util=ALL-UNNAMED --add-opens=java.base/java.lang=ALL-UNNAMED --add-opens=java.base/sun.nio.fs=ALL-UNNAMED -Declipse.application=org.eclipse.jdt.ls.core.id1 -Dosgi.bundles.defaultStartLevel=4 -Declipse.product=org.eclipse.jdt.ls.core.product -Djava.import.generatesMetadataFilesAtProjectRoot=false -DDetectVMInstallationsJob.disabled=true -Dfile.encoding=utf8 -XX:+UseParallelGC -XX:GCTimeRatio=4 -XX:AdaptiveSizePolicyWeight=90 -Dsun.zip.disableMemoryMapping=true -Xmx2G -Xms100m -Xlog:disable -javaagent:c:\Users\KAKASHI\.vscode\extensions\redhat.java-1.54.0-win32-x64\lombok\lombok-1.18.39-4050.jar -XX:+HeapDumpOnOutOfMemoryError -XX:HeapDumpPath=c:\Users\KAKASHI\AppData\Roaming\Code\User\workspaceStorage\05e2f3723b3b7939285116afcabace87\redhat.java -Daether.dependencyCollector.impl=bf 
java_command: c:\Users\KAKASHI\.vscode\extensions\redhat.java-1.54.0-win32-x64\server\plugins\org.eclipse.equinox.launcher_1.7.100.v20251111-0406.jar -configuration c:\Users\KAKASHI\AppData\Roaming\Code\User\globalStorage\redhat.java\1.54.0\config_win -data c:\Users\KAKASHI\AppData\Roaming\Code\User\workspaceStorage\05e2f3723b3b7939285116afcabace87\redhat.java\jdt_ws --pipe=\\.\pipe\lsp-59ac56d921617b642bc58ec37a0d65bc-sock
java_class_path (initial): c:\Users\KAKASHI\.vscode\extensions\redhat.java-1.54.0-win32-x64\server\plugins\org.eclipse.equinox.launcher_1.7.100.v20251111-0406.jar
Launcher Type: SUN_STANDARD

[Global flags]
    uintx AdaptiveSizePolicyWeight                 = 90                                        {product} {command line}
     intx CICompilerCount                          = 3                                         {product} {ergonomic}
    uintx GCTimeRatio                              = 4                                         {product} {command line}
     bool HeapDumpOnOutOfMemoryError               = true                                   {manageable} {command line}
    ccstr HeapDumpPath                             = c:\Users\KAKASHI\AppData\Roaming\Code\User\workspaceStorage\05e2f3723b3b7939285116afcabace87\redhat.java         {manageable} {command line}
   size_t InitialHeapSize                          = 104857600                                 {product} {command line}
   size_t MaxHeapSize                              = 2147483648                                {product} {command line}
   size_t MaxNewSize                               = 715653120                                 {product} {ergonomic}
   size_t MinHeapDeltaBytes                        = 524288                                    {product} {ergonomic}
   size_t MinHeapSize                              = 104857600                                 {product} {command line}
   size_t NewSize                                  = 34603008                                  {product} {ergonomic}
    uintx NonNMethodCodeHeapSize                   = 5832780                                {pd product} {ergonomic}
    uintx NonProfiledCodeHeapSize                  = 122912730                              {pd product} {ergonomic}
   size_t OldSize                                  = 70254592                                  {product} {ergonomic}
    uintx ProfiledCodeHeapSize                     = 122912730                              {pd product} {ergonomic}
    uintx ReservedCodeCacheSize                    = 251658240                              {pd product} {ergonomic}
     bool SegmentedCodeCache                       = true                                      {product} {ergonomic}
   size_t SoftMaxHeapSize                          = 2147483648                             {manageable} {ergonomic}
     bool UseCompressedOops                        = true                           {product lp64_product} {ergonomic}
     bool UseLargePagesIndividualAllocation        = false                                  {pd product} {ergonomic}
     bool UseParallelGC                            = true                                      {product} {command line}

Logging:
Log output configuration:
 #0: stdout all=off uptime,level,tags foldmultilines=false
 #1: stderr all=off uptime,level,tags foldmultilines=false

Release file:
JAVA_VERSION="21.0.10" 
MODULES="java.base java.compiler java.datatransfer java.xml java.prefs java.desktop java.instrument java.logging java.management java.security.sasl java.naming java.rmi java.management.rmi java.net.http java.scripting java.security.jgss java.transaction.xa java.sql java.sql.rowset java.xml.crypto java.se java.smartcardio jdk.accessibility jdk.internal.jvmstat jdk.attach jdk.charsets jdk.internal.opt jdk.zipfs jdk.compiler jdk.crypto.ec jdk.crypto.cryptoki jdk.crypto.mscapi jdk.dynalink jdk.internal.ed jdk.editpad jdk.hotspot.agent jdk.httpserver jdk.internal.le jdk.internal.vm.ci jdk.internal.vm.compiler jdk.internal.vm.compiler.management jdk.jartool jdk.javadoc jdk.jcmd jdk.management jdk.management.agent jdk.jconsole jdk.jdeps jdk.jdwp.agent jdk.jdi jdk.jfr jdk.jshell jdk.jsobject jdk.jstatd jdk.localedata jdk.management.jfr jdk.naming.dns jdk.naming.rmi jdk.net jdk.nio.mapmode jdk.random jdk.sctp jdk.security.auth jdk.security.jgss jdk.unsupported jdk.unsupported.desktop jdk.xml.dom" 

Environment Variables:
PATH=C:\Program Files\Eclipse Adoptium\jdk-17.0.19.10-hotspot\bin;C:\Program Files\Common Files\Oracle\Java\javapath;C:\Program Files (x86)\VMware\VMware Workstation\bin\;C:\Windows\system32;C:\Windows;C:\Windows\System32\Wbem;C:\Windows\System32\WindowsPowerShell\v1.0\;C:\Windows\System32\OpenSSH\;C:\Program Files (x86)\National Instruments\Shared\LabVIEW CLI;C:\Program Files (x86)\Microsoft SQL Server\160\Tools\Binn\;C:\Program Files\Microsoft SQL Server\160\Tools\Binn\;C:\Program Files\Microsoft SQL Server\Client SDK\ODBC\170\Tools\Binn\;C:\Program Files\Microsoft SQL Server\160\DTS\Binn\;C:\Program Files (x86)\Microsoft SQL Server\170\Tools\Binn\;C:\Program Files\Microsoft SQL Server\170\Tools\Binn\;C:\Program Files\Microsoft SQL Server\Client SDK\ODBC\180\Tools\Binn\;C:\Program Files\Microsoft SQL Server\170\DTS\Binn\;C:\Program Files\nodejs\;C:\ProgramData\chocolatey\bin;C:\xampp1\php;C:\composer;C:\Users\KAKASHI\.cargo\bin;C:\Users\KAKASHI\AppData\Local\Programs\Python\Python311\Scripts\;C:\Users\KAKASHI\AppData\Local\Programs\Python\Python311\;C:\Program Files\OpenSSL-Win64\bin;C:\Users\KAKASHI\AppData\Local\Programs\Python\Python314\Scripts\;C:\Users\KAKASHI\AppData\Local\Programs\Python\Python314\;C:\Users\KAKASHI\AppData\Local\Programs\Python\Launcher\;C:\Users\KAKASHI\AppData\Local\Microsoft\WindowsApps;C:\msys64\ucrt64\bin;C:\Users\KAKASHI\AppData\Local\Programs\Microsoft VS Code\bin;C:\Users\KAKASHI\AppData\Roaming\npm;C:\Users\KAKASHI\AppData\Roaming\Composer\vendor\bin
USERNAME=KAKASHI
OS=Windows_NT
PROCESSOR_IDENTIFIER=Intel64 Family 6 Model 78 Stepping 3, GenuineIntel
TMP=C:\Users\KAKASHI\AppData\Local\Temp
TEMP=C:\Users\KAKASHI\AppData\Local\Temp




Periodic native trim disabled

---------------  S Y S T E M  ---------------

OS:
 Windows 10 , 64 bit Build 19041 (10.0.19041.5915)
OS uptime: 0 days 22:03 hours

CPU: total 4 (initial active 4) (2 cores per cpu, 2 threads per core) family 6 model 78 stepping 3 microcode 0xcc, cx8, cmov, fxsr, ht, mmx, 3dnowpref, sse, sse2, sse3, ssse3, sse4.1, sse4.2, popcnt, lzcnt, tsc, tscinvbit, avx, avx2, aes, erms, clmul, bmi1, bmi2, rtm, adx, fma, vzeroupper, clflush, clflushopt, rdtscp, f16c
Processor Information for processor 0
  Max Mhz: 2808, Current Mhz: 2607, Mhz Limit: 2583
Processor Information for processor 1
  Max Mhz: 2808, Current Mhz: 2607, Mhz Limit: 2583
Processor Information for processor 2
  Max Mhz: 2808, Current Mhz: 1404, Mhz Limit: 2583
Processor Information for processor 3
  Max Mhz: 2808, Current Mhz: 1404, Mhz Limit: 2583

Memory: 4k page, system-wide physical 16264M (449M free)
TotalPageFile size 28455M (AvailPageFile size 0M)
current process WorkingSet (physical memory assigned to process): 518M, peak: 868M
current process commit charge ("private bytes"): 860M, peak: 862M

vm_info: OpenJDK 64-Bit Server VM (21.0.10+7-LTS) for windows-amd64 JRE (21.0.10+7-LTS), built on 2026-01-20T00:00:00Z by "admin" with MS VC++ 17.12 (VS2022)

END.
